=== arm B_reground (oracle, sentinel=False) ===
  B_reground: 10/100 (0.6 min)
  B_reground: 20/100 (1.1 min)
  B_reground: 30/100 (1.7 min)
  B_reground: 40/100 (2.5 min)
  B_reground: 50/100 (3.0 min)
  B_reground: 60/100 (3.5 min)
  B_reground: 70/100 (4.5 min)
  B_reground: 80/100 (4.9 min)
  B_reground: 90/100 (5.4 min)
  B_reground: 100/100 (6.1 min)
=== arm D_reground (oracle, sentinel=True) ===
  D_reground: 10/100 (0.8 min)
  D_reground: 20/100 (2.3 min)
  D_reground: 30/100 (3.1 min)
  D_reground: 40/100 (4.6 min)
  D_reground: 50/100 (5.2 min)
  D_reground: 60/100 (6.5 min)
  D_reground: 70/100 (7.2 min)
  D_reground: 80/100 (7.8 min)
  D_reground: 90/100 (9.2 min)
  D_reground: 100/100 (11.5 min)
=== done in 17.6 min ===
