=== arm A_no_reset (none, sentinel=False) ===
  A_no_reset: 10/40 (0.6 min)
  A_no_reset: 20/40 (1.1 min)
  A_no_reset: 30/40 (1.8 min)
  A_no_reset: 40/40 (2.4 min)
=== arm C_scheduled (scheduled, sentinel=False) ===
  C_scheduled: 10/40 (1.2 min)
  C_scheduled: 20/40 (2.0 min)
  C_scheduled: 30/40 (3.6 min)
  C_scheduled: 40/40 (5.2 min)
=== arm C_prime_carried (scheduled, sentinel=True) ===
  C_prime_carried: 10/40 (1.5 min)
  C_prime_carried: 20/40 (2.4 min)
  C_prime_carried: 30/40 (3.6 min)
  C_prime_carried: 40/40 (29.9 min)
=== arm D_sentinel (sentinel, sentinel=True) ===
  D_sentinel: 10/40 (0.7 min)
  D_sentinel: 20/40 (2.4 min)
  D_sentinel: 30/40 (4.2 min)
  D_sentinel: 40/40 (5.3 min)
=== arm B_random (random, sentinel=False) ===
  B_random: 10/40 (1.7 min)
  B_random: 20/40 (2.4 min)
  B_random: 30/40 (4.1 min)
  B_random: 40/40 (5.0 min)
=== arm F_oracle (oracle, sentinel=False) ===
  F_oracle: 10/40 (0.7 min)
  F_oracle: 20/40 (1.3 min)
  F_oracle: 30/40 (2.5 min)
  F_oracle: 40/40 (3.1 min)
=== done in 51.0 min ===
