router verdicts: {'coding': {'chain_checksum': 3, 'staircase': 27}, 'registers': {'chain_checksum': 30}, 'babi': {'chain_checksum': 2, 'lag_span': 24, 'staircase': 4}}
=== arm A_no_reset (policy=none, probe=none) ===
  A_no_reset: 15/90 (0.8 min)
  A_no_reset: 30/90 (2.2 min)
  A_no_reset: 45/90 (6.3 min)
  A_no_reset: 60/90 (9.1 min)
  A_no_reset: 75/90 (10.4 min)
  A_no_reset: 90/90 (11.0 min)
=== arm C_clock (policy=scheduled, probe=none) ===
  C_clock: 15/90 (3.9 min)
  C_clock: 30/90 (5.5 min)
  C_clock: 45/90 (9.3 min)
  C_clock: 60/90 (11.6 min)
  C_clock: 75/90 (13.4 min)
  C_clock: 90/90 (15.0 min)
=== arm D_routed (policy=probe, probe=routed) ===
  D_routed: 15/90 (3.6 min)
  D_routed: 30/90 (6.8 min)
  D_routed: 45/90 (10.5 min)
  D_routed: 60/90 (13.6 min)
  D_routed: 75/90 (17.7 min)
  D_routed: 90/90 (20.5 min)
=== arm Z_routed (policy=zerocarry, probe=none) ===
  Z_routed: 15/90 (1.5 min)
  Z_routed: 30/90 (3.8 min)
  Z_routed: 45/90 (8.2 min)
  Z_routed: 60/90 (11.7 min)
  Z_routed: 75/90 (13.2 min)
  Z_routed: 90/90 (14.0 min)
=== arm C_ctx (policy=ctx_growth, probe=none) ===
  C_ctx: 15/90 (3.0 min)
  C_ctx: 30/90 (5.5 min)
  C_ctx: 45/90 (9.6 min)
  C_ctx: 60/90 (12.3 min)
  C_ctx: 75/90 (13.6 min)
  C_ctx: 90/90 (14.9 min)
=== arm C_judge (policy=judge, probe=none) ===
  C_judge: 15/90 (8.8 min)
  C_judge: 30/90 (16.4 min)
  C_judge: 45/90 (26.2 min)
  C_judge: 60/90 (36.0 min)
  C_judge: 75/90 (41.6 min)
  C_judge: 90/90 (44.8 min)
=== arm C_prime_routed (policy=scheduled, probe=routed) ===
  C_prime_routed: 15/90 (4.1 min)
  C_prime_routed: 30/90 (7.0 min)
  C_prime_routed: 45/90 (10.5 min)
  C_prime_routed: 60/90 (13.2 min)
  C_prime_routed: 75/90 (15.7 min)
  C_prime_routed: 90/90 (17.3 min)
=== arm D_blanket (policy=probe, probe=blanket) ===
  D_blanket: 15/90 (4.3 min)
  D_blanket: 30/90 (7.4 min)
  D_blanket: 45/90 (12.2 min)
  D_blanket: 60/90 (14.9 min)
  D_blanket: 75/90 (17.5 min)
  D_blanket: 90/90 (19.9 min)
=== arm D_rotated (policy=probe, probe=rotated) ===
  D_rotated: 15/90 (3.0 min)
  D_rotated: 30/90 (6.2 min)
  D_rotated: 45/90 (11.6 min)
  D_rotated: 60/90 (15.4 min)
  D_rotated: 75/90 (18.4 min)
  D_rotated: 90/90 (20.6 min)
=== arm B_random (policy=random, probe=none) ===
  B_random: 15/90 (2.8 min)
  B_random: 30/90 (5.7 min)
  B_random: 45/90 (9.2 min)
  B_random: 60/90 (12.9 min)
  B_random: 75/90 (14.7 min)
  B_random: 90/90 (18.0 min)
=== arm F_oracle (policy=oracle, probe=none) ===
  F_oracle: 15/90 (1.4 min)
  F_oracle: 30/90 (3.1 min)
  F_oracle: 45/90 (6.9 min)
  F_oracle: 60/90 (9.7 min)
  F_oracle: 75/90 (11.1 min)
  F_oracle: 90/90 (12.4 min)
=== done in 208.7 min ===
