A_no_reset import: 0 copied, 90 already present, 0 missing from runs5
=== arm Z_reground (policy=zerocarry, operator=reground) ===
  Z_reground: 15/90 (0.6 min)
  Z_reground: 30/90 (1.9 min)
  Z_reground: 45/90 (6.1 min)
  Z_reground: 60/90 (8.3 min)
  Z_reground: 75/90 (8.8 min)
  Z_reground: 90/90 (10.3 min)
=== arm C_ctx (policy=ctx_growth, operator=reground) ===
  C_ctx: 15/90 (1.3 min)
  C_ctx: 30/90 (2.6 min)
  C_ctx: 45/90 (5.7 min)
  C_ctx: 60/90 (7.7 min)
  C_ctx: 75/90 (8.8 min)
  C_ctx: 90/90 (9.3 min)
=== arm C_judge (policy=judge, operator=reground) ===
  C_judge: 15/90 (6.7 min)
  C_judge: 30/90 (11.7 min)
  C_judge: 45/90 (20.4 min)
  C_judge: 60/90 (29.3 min)
  C_judge: 75/90 (32.6 min)
  C_judge: 90/90 (34.7 min)
=== arm G_dense (policy=scheduled, operator=reground) ===
  G_dense: 15/90 (1.3 min)
  G_dense: 30/90 (2.4 min)
  G_dense: 45/90 (3.5 min)
  G_dense: 60/90 (5.5 min)
  G_dense: 75/90 (6.7 min)
  G_dense: 90/90 (7.1 min)
=== arm B_random (policy=random, operator=reground) ===
  B_random: 15/90 (1.2 min)
  B_random: 30/90 (2.6 min)
  B_random: 45/90 (5.9 min)
  B_random: 60/90 (9.3 min)
  B_random: 75/90 (10.7 min)
  B_random: 90/90 (11.4 min)
=== arm Z_replay (policy=zerocarry, operator=replay) ===
  Z_replay: 15/90 (1.3 min)
  Z_replay: 30/90 (3.0 min)
  Z_replay: 45/90 (7.8 min)
  Z_replay: 60/90 (10.9 min)
  Z_replay: 75/90 (12.1 min)
  Z_replay: 90/90 (13.4 min)
=== arm C_clock_replay (policy=scheduled, operator=replay) ===
  C_clock_replay: 15/90 (2.2 min)
  C_clock_replay: 30/90 (4.5 min)
  C_clock_replay: 45/90 (8.9 min)
  C_clock_replay: 60/90 (12.2 min)
  C_clock_replay: 75/90 (13.5 min)
  C_clock_replay: 90/90 (14.7 min)
=== arm F_oracle_replay (policy=oracle, operator=replay) ===
  F_oracle_replay: 15/90 (1.4 min)
  F_oracle_replay: 30/90 (2.7 min)
  F_oracle_replay: 45/90 (7.4 min)
  F_oracle_replay: 60/90 (11.5 min)
  F_oracle_replay: 75/90 (12.8 min)
  F_oracle_replay: 90/90 (14.1 min)
=== done in 115.1 min ===
