=== arm A_no_reset (none, sentinel=False) ===
  A_no_reset: 10/100 (0.0 min)
  A_no_reset: 20/100 (0.0 min)
  A_no_reset: 30/100 (0.0 min)
  A_no_reset: 40/100 (0.0 min)
  A_no_reset: 50/100 (24.5 min)
  A_no_reset: 60/100 (25.0 min)
  A_no_reset: 70/100 (25.4 min)
  A_no_reset: 80/100 (25.8 min)
  A_no_reset: 90/100 (26.3 min)
  A_no_reset: 100/100 (27.0 min)
=== arm P_carry_noreset (none, sentinel=True) ===
  P_carry_noreset: 10/100 (0.0 min)
  P_carry_noreset: 20/100 (0.0 min)
  P_carry_noreset: 30/100 (0.0 min)
  P_carry_noreset: 40/100 (0.0 min)
  P_carry_noreset: 50/100 (1.0 min)
  P_carry_noreset: 60/100 (1.6 min)
  P_carry_noreset: 70/100 (2.3 min)
  P_carry_noreset: 80/100 (2.9 min)
  P_carry_noreset: 90/100 (3.6 min)
  P_carry_noreset: 100/100 (5.0 min)
=== arm F_oracle (oracle, sentinel=False) ===
  F_oracle: 10/100 (0.0 min)
  F_oracle: 20/100 (0.0 min)
  F_oracle: 30/100 (0.0 min)
  F_oracle: 40/100 (0.0 min)
  F_oracle: 50/100 (0.8 min)
  F_oracle: 60/100 (1.4 min)
  F_oracle: 70/100 (1.9 min)
  F_oracle: 80/100 (2.4 min)
  F_oracle: 90/100 (3.0 min)
  F_oracle: 100/100 (3.8 min)
=== arm P_carry_oracle (oracle, sentinel=True) ===
  P_carry_oracle: 10/100 (0.0 min)
  P_carry_oracle: 20/100 (0.0 min)
  P_carry_oracle: 30/100 (0.0 min)
  P_carry_oracle: 40/100 (0.0 min)
  P_carry_oracle: 50/100 (1.0 min)
  P_carry_oracle: 60/100 (2.0 min)
  P_carry_oracle: 70/100 (2.7 min)
  P_carry_oracle: 80/100 (3.5 min)
  P_carry_oracle: 90/100 (4.1 min)
  P_carry_oracle: 100/100 (6.4 min)
=== done in 42.3 min ===
