  shadow: 15/90 (0.5 min)
  shadow: 30/90 (1.2 min)
  shadow: 45/90 (2.9 min)
  shadow: 60/90 (4.7 min)
  shadow: 75/90 (5.0 min)
  shadow: 90/90 (5.3 min)
=== arm QUIZ (policy=quiz, probe=none) ===
  QUIZ: 15/90 (2.1 min)
  QUIZ: 30/90 (4.1 min)
  QUIZ: 45/90 (8.7 min)
  QUIZ: 60/90 (11.7 min)
  QUIZ: 75/90 (13.4 min)
  QUIZ: 90/90 (15.0 min)
=== arm ACT_carry_clock (policy=scheduled, probe=labeled) ===
  ACT_carry_clock: 15/90 (1.6 min)
  ACT_carry_clock: 30/90 (4.0 min)
  ACT_carry_clock: 45/90 (5.5 min)
  ACT_carry_clock: 60/90 (6.8 min)
  ACT_carry_clock: 75/90 (7.5 min)
  ACT_carry_clock: 90/90 (8.2 min)
=== arm ACT_probe (policy=probe, probe=labeled) ===
  ACT_probe: 15/90 (1.1 min)
  ACT_probe: 30/90 (2.2 min)
  ACT_probe: 45/90 (3.1 min)
  ACT_probe: 60/90 (4.2 min)
  ACT_probe: 75/90 (4.9 min)
  ACT_probe: 90/90 (5.4 min)
=== done in 28.6 min ===
